SDDS1
&parameter name=Step, description="Simulation step", type=long, &end
&parameter name=pCentral, symbol="p$bcen$n", units="m$be$nc", type=double, &end
&parameter name=Charge, units=C, description="Beam charge", type=double, &end
&parameter name=Particles, type=long, &end
&parameter name=Pass, type=long, &end
&parameter name=PassLength, units=m, type=double, &end
&parameter name=PassCentralTime, units=s, type=double, &end
&parameter name=s, units=m, type=double, &end
&parameter name=Description, format_string=%s, type=string, &end
&column name=x, units=m, type=double,  &end
&column name=xp, type=double,  &end
&column name=y, units=m, type=double,  &end
&column name=yp, type=double,  &end
&column name=t, units=s, type=double,  &end
&column name=p, units="m$be$nc", type=double,  &end
&column name=dt, units=s, type=double,  &end
&column name=particleID, type=long,  &end
&data mode=ascii, &end
! page number 1
1
 1.781400796516589e+02
 0.000000000000000e+00
100
0
 2.300000000000000e+01
 0.000000000000000e+00
 4.000000000000000e+00
""
                  25
 8.877828676086474e-05  2.385886603834182e-05 -1.785054536979308e-04 -4.802433088903069e-05  1.334549321246102e-08  1.780408516654843e+02  1.334549321246102e-08 2 
-1.658380454588345e-04 -4.085480016882761e-05 -9.688227322576159e-05 -2.335009229740217e-05  1.334571349881895e-08  1.783138953116373e+02  1.334571349881895e-08 7 
 1.608787140679298e-04  5.614673364262816e-05  6.890162087531357e-05  3.412994065397598e-05  1.334634401941409e-08  1.784921282917030e+02  1.334634401941409e-08 9 
-6.236870770264057e-06 -2.023158575097448e-05  8.769584298018756e-05  1.261914348132420e-05  1.334073499603394e-08  1.785337636190127e+02  1.334073499603394e-08 10 
-1.676180360332702e-04 -4.031855256849013e-05 -6.655727090725498e-05 -6.454617415378780e-05  1.334554196178837e-08  1.779776726942540e+02  1.334554196178837e-08 13 
 1.853796441700589e-05  1.960011388655392e-05  1.026207762484985e-04  6.169029187878141e-05  1.334354823207733e-08  1.783100522194929e+02  1.334354823207733e-08 19 
 4.307679455090783e-05  1.253179171899196e-05 -1.899296782177786e-05 -1.482174986565600e-06  1.333991131277421e-08  1.784191438664131e+02  1.333991131277421e-08 20 
-1.561334924721034e-04 -4.161205570547908e-05  9.290390497114048e-05  3.485847396146212e-05  1.334385588069342e-08  1.784096682282549e+02  1.334385588069342e-08 25 
 1.449982162847861e-04  2.539188617221021e-05 -2.019853737466736e-05  6.934748255525497e-06  1.334680823811865e-08  1.780505855016308e+02  1.334680823811865e-08 30 
 6.464902771148939e-05  1.919085508774455e-06  8.560248147961704e-05  9.577932887128752e-06  1.334345131413081e-08  1.783860532118848e+02  1.334345131413081e-08 35 
-1.230604691596262e-04 -2.998098734263493e-05 -6.600152899273593e-05 -1.552790258834115e-05  1.333693021929732e-08  1.777450036848850e+02  1.333693021929732e-08 36 
-1.017185986118196e-04 -1.239606528941648e-05 -7.938345407246249e-05 -2.855616713261876e-05  1.334043980093845e-08  1.780253788030047e+02  1.334043980093845e-08 38 
-5.757495187458789e-05 -1.287533525408687e-06  1.673456378740548e-04  4.135670688273362e-05  1.334650970293445e-08  1.780076235335585e+02  1.334650970293445e-08 39 
-6.666509007810135e-05  2.360973528266101e-05 -7.287920212668776e-05  8.744994683497894e-06  1.334372678776807e-08  1.778823280046731e+02  1.334372678776807e-08 40 
 1.457781899519118e-05 -4.140329292277427e-07  1.247146290111696e-04  3.290831772927719e-05  1.334108421380840e-08  1.779279540414670e+02  1.334108421380840e-08 43 
-1.010073555284118e-04 -3.100683430268002e-05  1.393125276174366e-04  4.897868411938916e-05  1.334405294291514e-08  1.783637687239021e+02  1.334405294291514e-08 53 
 1.132126797358251e-06 -3.192434875639260e-05 -1.427155971441271e-04 -6.285685979362609e-05  1.334127285943598e-08  1.782473122685974e+02  1.334127285943598e-08 59 
 1.814457052671351e-04  5.107289154923747e-05 -3.223398799030116e-05 -1.334681597113092e-05  1.334124652994656e-08  1.782113100689959e+02  1.334124652994656e-08 67 
-6.713682384773184e-05 -4.104393206806779e-05  5.961619832902962e-05  6.794354790016473e-06  1.334447228050268e-08  1.786237329074275e+02  1.334447228050268e-08 77 
 1.445293917118866e-04  4.063190186820231e-05 -1.145200399420615e-04 -2.805327216754244e-05  1.333737476102222e-08  1.781217532403941e+02  1.333737476102222e-08 80 
 2.807624648568179e-05 -2.801356721063114e-05 -1.690639048846792e-04 -1.778022561885914e-05  1.335042246085227e-08  1.778853808191211e+02  1.335042246085227e-08 85 
-3.732417318183911e-05 -6.381385805593562e-07  1.621912278256439e-04  4.019770633196305e-05  1.334450345554165e-08  1.785266158258748e+02  1.334450345554165e-08 90 
-1.127554376002691e-04 -6.685235697434439e-06 -7.328592660408877e-05 -3.181085281858310e-05  1.334497790193460e-08  1.783528801247799e+02  1.334497790193460e-08 96 
 1.109149163436502e-04  3.507746725267296e-05  5.575751995342942e-05 -4.916712378266319e-07  1.334860344291170e-08  1.782884651797306e+02  1.334860344291170e-08 99 
-6.816552555919359e-05 -3.035692016834605e-05 -1.707133479926026e-04 -4.397655525009743e-05  1.334733994881749e-08  1.776975027277237e+02  1.334733994881749e-08 100 
